La personne est un homme âgé de 32 ans. Il fait 1.90700e+02 cm et pèse 7.50000e+01 kg
La personne est une femme âgée de 30 ans. Elle fait 1.70000e+02 cm et pèse 5.55000e+01 kg
La personne est âgée de 13 ans. Elle fait 1.23700e+02 cm et pèse 3.00000e+01 kg
L'homme a un poids normal
La femme est majeure
IMC correct
Famille de 4 membres
On recense le membre 1
On recense le membre 2
On recense le membre 3
On recense le membre 4
Les enfants sont des jumeaux